Archive member included to satisfy reference by file (symbol)

C:/ST/STM32CubeIDE_1.13.1/STM32CubeIDE/plugins/com.st.stm32cube.ide.mcu.externaltools.gnu-tools-for-stm32.11.3.rel1.win32_1.1.100.202309141235/tools/bin/../lib/gcc/arm-none-eabi/11.3.1/../../../../arm-none-eabi/lib/thumb/v6-m/nofp\libc_nano.a(libc_a-exit.o)
                              C:/ST/STM32CubeIDE_1.13.1/STM32CubeIDE/plugins/com.st.stm32cube.ide.mcu.externaltools.gnu-tools-for-stm32.11.3.rel1.win32_1.1.100.202309141235/tools/bin/../lib/gcc/arm-none-eabi/11.3.1/../../../../arm-none-eabi/lib/thumb/v6-m/nofp/crt0.o (exit)
C:/ST/STM32CubeIDE_1.13.1/STM32CubeIDE/plugins/com.st.stm32cube.ide.mcu.externaltools.gnu-tools-for-stm32.11.3.rel1.win32_1.1.100.202309141235/tools/bin/../lib/gcc/arm-none-eabi/11.3.1/../../../../arm-none-eabi/lib/thumb/v6-m/nofp\libc_nano.a(libc_a-findfp.o)
                              C:/ST/STM32CubeIDE_1.13.1/STM32CubeIDE/plugins/com.st.stm32cube.ide.mcu.externaltools.gnu-tools-for-stm32.11.3.rel1.win32_1.1.100.202309141235/tools/bin/../lib/gcc/arm-none-eabi/11.3.1/../../../../arm-none-eabi/lib/thumb/v6-m/nofp\libc_nano.a(libc_a-exit.o) (__stdio_exit_handler)
C:/ST/STM32CubeIDE_1.13.1/STM32CubeIDE/plugins/com.st.stm32cube.ide.mcu.externaltools.gnu-tools-for-stm32.11.3.rel1.win32_1.1.100.202309141235/tools/bin/../lib/gcc/arm-none-eabi/11.3.1/../../../../arm-none-eabi/lib/thumb/v6-m/nofp\libc_nano.a(libc_a-fwalk.o)
                              C:/ST/STM32CubeIDE_1.13.1/STM32CubeIDE/plugins/com.st.stm32cube.ide.mcu.externaltools.gnu-tools-for-stm32.11.3.rel1.win32_1.1.100.202309141235/tools/bin/../lib/gcc/arm-none-eabi/11.3.1/../../../../arm-none-eabi/lib/thumb/v6-m/nofp\libc_nano.a(libc_a-findfp.o) (_fwalk_sglue)
C:/ST/STM32CubeIDE_1.13.1/STM32CubeIDE/plugins/com.st.stm32cube.ide.mcu.externaltools.gnu-tools-for-stm32.11.3.rel1.win32_1.1.100.202309141235/tools/bin/../lib/gcc/arm-none-eabi/11.3.1/../../../../arm-none-eabi/lib/thumb/v6-m/nofp\libc_nano.a(libc_a-stdio.o)
                              C:/ST/STM32CubeIDE_1.13.1/STM32CubeIDE/plugins/com.st.stm32cube.ide.mcu.externaltools.gnu-tools-for-stm32.11.3.rel1.win32_1.1.100.202309141235/tools/bin/../lib/gcc/arm-none-eabi/11.3.1/../../../../arm-none-eabi/lib/thumb/v6-m/nofp\libc_nano.a(libc_a-findfp.o) (__sread)
C:/ST/STM32CubeIDE_1.13.1/STM32CubeIDE/plugins/com.st.stm32cube.ide.mcu.externaltools.gnu-tools-for-stm32.11.3.rel1.win32_1.1.100.202309141235/tools/bin/../lib/gcc/arm-none-eabi/11.3.1/../../../../arm-none-eabi/lib/thumb/v6-m/nofp\libc_nano.a(libc_a-memset.o)
                              C:/ST/STM32CubeIDE_1.13.1/STM32CubeIDE/plugins/com.st.stm32cube.ide.mcu.externaltools.gnu-tools-for-stm32.11.3.rel1.win32_1.1.100.202309141235/tools/bin/../lib/gcc/arm-none-eabi/11.3.1/../../../../arm-none-eabi/lib/thumb/v6-m/nofp/crt0.o (memset)
C:/ST/STM32CubeIDE_1.13.1/STM32CubeIDE/plugins/com.st.stm32cube.ide.mcu.externaltools.gnu-tools-for-stm32.11.3.rel1.win32_1.1.100.202309141235/tools/bin/../lib/gcc/arm-none-eabi/11.3.1/../../../../arm-none-eabi/lib/thumb/v6-m/nofp\libc_nano.a(libc_a-closer.o)
                              C:/ST/STM32CubeIDE_1.13.1/STM32CubeIDE/plugins/com.st.stm32cube.ide.mcu.externaltools.gnu-tools-for-stm32.11.3.rel1.win32_1.1.100.202309141235/tools/bin/../lib/gcc/arm-none-eabi/11.3.1/../../../../arm-none-eabi/lib/thumb/v6-m/nofp\libc_nano.a(libc_a-stdio.o) (_close_r)
C:/ST/STM32CubeIDE_1.13.1/STM32CubeIDE/plugins/com.st.stm32cube.ide.mcu.externaltools.gnu-tools-for-stm32.11.3.rel1.win32_1.1.100.202309141235/tools/bin/../lib/gcc/arm-none-eabi/11.3.1/../../../../arm-none-eabi/lib/thumb/v6-m/nofp\libc_nano.a(libc_a-reent.o)
                              C:/ST/STM32CubeIDE_1.13.1/STM32CubeIDE/plugins/com.st.stm32cube.ide.mcu.externaltools.gnu-tools-for-stm32.11.3.rel1.win32_1.1.100.202309141235/tools/bin/../lib/gcc/arm-none-eabi/11.3.1/../../../../arm-none-eabi/lib/thumb/v6-m/nofp\libc_nano.a(libc_a-closer.o) (errno)
C:/ST/STM32CubeIDE_1.13.1/STM32CubeIDE/plugins/com.st.stm32cube.ide.mcu.externaltools.gnu-tools-for-stm32.11.3.rel1.win32_1.1.100.202309141235/tools/bin/../lib/gcc/arm-none-eabi/11.3.1/../../../../arm-none-eabi/lib/thumb/v6-m/nofp\libc_nano.a(libc_a-impure.o)
                              C:/ST/STM32CubeIDE_1.13.1/STM32CubeIDE/plugins/com.st.stm32cube.ide.mcu.externaltools.gnu-tools-for-stm32.11.3.rel1.win32_1.1.100.202309141235/tools/bin/../lib/gcc/arm-none-eabi/11.3.1/../../../../arm-none-eabi/lib/thumb/v6-m/nofp\libc_nano.a(libc_a-reent.o) (_impure_ptr)
C:/ST/STM32CubeIDE_1.13.1/STM32CubeIDE/plugins/com.st.stm32cube.ide.mcu.externaltools.gnu-tools-for-stm32.11.3.rel1.win32_1.1.100.202309141235/tools/bin/../lib/gcc/arm-none-eabi/11.3.1/../../../../arm-none-eabi/lib/thumb/v6-m/nofp\libc_nano.a(libc_a-lseekr.o)
[...]
Memory Configuration

Name             Origin             Length             Attributes
RAM              0x0000000020000000 0x0000000000024000 xrw
FLASH            0x0000000008000000 0x0000000000080000 xr
*default*        0x0000000000000000 0xffffffffffffffff

Linker script and memory map

LOAD C:/ST/STM32CubeIDE_1.13.1/STM32CubeIDE/plugins/com.st.stm32cube.ide.mcu.externaltools.gnu-tools-for-stm32.11.3.rel1.win32_1.1.100.202309141235/tools/bin/../lib/gcc/arm-none-eabi/11.3.1/thumb/v6-m/nofp/crti.o
LOAD C:/ST/STM32CubeIDE_1.13.1/STM32CubeIDE/plugins/com.st.stm32cube.ide.mcu.externaltools.gnu-tools-for-stm32.11.3.rel1.win32_1.1.100.202309141235/tools/bin/../lib/gcc/arm-none-eabi/11.3.1/thumb/v6-m/nofp/crtbegin.o
LOAD C:/ST/STM32CubeIDE_1.13.1/STM32CubeIDE/plugins/com.st.stm32cube.ide.mcu.externaltools.gnu-tools-for-stm32.11.3.rel1.win32_1.1.100.202309141235/tools/bin/../lib/gcc/arm-none-eabi/11.3.1/../../../../arm-none-eabi/lib/thumb/v6-m/nofp/crt0.o
LOAD ./Drivers_SMW/Src/GPIO.o
LOAD ./Drivers_SMW/Src/I2C.o
LOAD ./Drivers_SMW/Src/SPI.o
LOAD ./Src/04.Test_I2C.o
LOAD ./Src/syscalls.o
LOAD ./Src/sysmem.o
LOAD ./Startup/startup_stm32g0b1retx.o
START GROUP
LOAD C:/ST/STM32CubeIDE_1.13.1/STM32CubeIDE/plugins/com.st.stm32cube.ide.mcu.externaltools.gnu-tools-for-stm32.11.3.rel1.win32_1.1.100.202309141235/tools/bin/../lib/gcc/arm-none-eabi/11.3.1/../../../../arm-none-eabi/lib/thumb/v6-m/nofp\libc_nano.a
LOAD C:/ST/STM32CubeIDE_1.13.1/STM32CubeIDE/plugins/com.st.stm32cube.ide.mcu.externaltools.gnu-tools-for-stm32.11.3.rel1.win32_1.1.100.202309141235/tools/bin/../lib/gcc/arm-none-eabi/11.3.1/../../../../arm-none-eabi/lib/thumb/v6-m/nofp\libm.a
END GROUP
START GROUP
LOAD C:/ST/STM32CubeIDE_1.13.1/STM32CubeIDE/plugins/com.st.stm32cube.ide.mcu.externaltools.gnu-tools-for-stm32.11.3.rel1.win32_1.1.100.202309141235/tools/bin/../lib/gcc/arm-none-eabi/11.3.1/thumb/v6-m/nofp\libgcc.a
LOAD C:/ST/STM32CubeIDE_1.13.1/STM32CubeIDE/plugins/com.st.stm32cube.ide.mcu.externaltools.gnu-tools-for-stm32.11.3.rel1.win32_1.1.100.202309141235/tools/bin/../lib/gcc/arm-none-eabi/11.3.1/../../../../arm-none-eabi/lib/thumb/v6-m/nofp\libc_nano.a
END GROUP
START GROUP
LOAD C:/ST/STM32CubeIDE_1.13.1/STM32CubeIDE/plugins/com.st.stm32cube.ide.mcu.externaltools.gnu-tools-for-stm32.11.3.rel1.win32_1.1.100.202309141235/tools/bin/../lib/gcc/arm-none-eabi/11.3.1/thumb/v6-m/nofp\libgcc.a
LOAD C:/ST/STM32CubeIDE_1.13.1/STM32CubeIDE/plugins/com.st.stm32cube.ide.mcu.externaltools.gnu-tools-for-stm32.11.3.rel1.win32_1.1.100.202309141235/tools/bin/../lib/gcc/arm-none-eabi/11.3.1/../../../../arm-none-eabi/lib/thumb/v6-m/nofp\libc_nano.a
LOAD C:/ST/STM32CubeIDE_1.13.1/STM32CubeIDE/plugins/com.st.stm32cube.ide.mcu.externaltools.gnu-tools-for-stm32.11.3.rel1.win32_1.1.100.202309141235/tools/bin/../lib/gcc/arm-none-eabi/11.3.1/../../../../arm-none-eabi/lib/thumb/v6-m/nofp\libnosys.a
END GROUP
START GROUP
LOAD C:/ST/STM32CubeIDE_1.13.1/STM32CubeIDE/plugins/com.st.stm32cube.ide.mcu.externaltools.gnu-tools-for-stm32.11.3.rel1.win32_1.1.100.202309141235/tools/bin/../lib/gcc/arm-none-eabi/11.3.1/thumb/v6-m/nofp\libgcc.a
LOAD C:/ST/STM32CubeIDE_1.13.1/STM32CubeIDE/plugins/com.st.stm32cube.ide.mcu.externaltools.gnu-tools-for-stm32.11.3.rel1.win32_1.1.100.202309141235/tools/bin/../lib/gcc/arm-none-eabi/11.3.1/../../../../arm-none-eabi/lib/thumb/v6-m/nofp\libc_nano.a
LOAD C:/ST/STM32CubeIDE_1.13.1/STM32CubeIDE/plugins/com.st.stm32cube.ide.mcu.externaltools.gnu-tools-for-stm32.11.3.rel1.win32_1.1.100.202309141235/tools/bin/../lib/gcc/arm-none-eabi/11.3.1/../../../../arm-none-eabi/lib/thumb/v6-m/nofp\libnosys.a
END GROUP
LOAD C:/ST/STM32CubeIDE_1.13.1/STM32CubeIDE/plugins/com.st.stm32cube.ide.mcu.externaltools.gnu-tools-for-stm32.11.3.rel1.win32_1.1.100.202309141235/tools/bin/../lib/gcc/arm-none-eabi/11.3.1/thumb/v6-m/nofp/crtend.o
LOAD C:/ST/STM32CubeIDE_1.13.1/STM32CubeIDE/plugins/com.st.stm32cube.ide.mcu.externaltools.gnu-tools-for-stm32.11.3.rel1.win32_1.1.100.202309141235/tools/bin/../lib/gcc/arm-none-eabi/11.3.1/thumb/v6-m/nofp/crtn.o
                0x0000000020024000                _estack = (ORIGIN (RAM) + LENGTH (RAM))
                0x0000000000000200                _Min_Heap_Size = 0x200
                0x0000000000000400                _Min_Stack_Size = 0x400

.isr_vector     0x0000000008000000       0xc0
                0x0000000008000000                . = ALIGN (0x4)
 *(.isr_vector)
 .isr_vector    0x0000000008000000       0xc0 ./Startup/startup_stm32g0b1retx.o
                0x0000000008000000                g_pfnVectors
                0x00000000080000c0                . = ALIGN (0x4)

.text           0x00000000080000c0      0xc14
                0x00000000080000c0                . = ALIGN (0x4)
 *(.text)
 .text          0x00000000080000c0       0x48 C:/ST/STM32CubeIDE_1.13.1/STM32CubeIDE/plugins/com.st.stm32cube.ide.mcu.externaltools.gnu-tools-for-stm32.11.3.rel1.win32_1.1.100.202309141235/tools/bin/../lib/gcc/arm-none-eabi/11.3.1/thumb/v6-m/nofp/crtbegin.o
 .text          0x0000000008000108      0x1d4 C:/ST/STM32CubeIDE_1.13.1/STM32CubeIDE/plugins/com.st.stm32cube.ide.mcu.externaltools.gnu-tools-for-stm32.11.3.rel1.win32_1.1.100.202309141235/tools/bin/../lib/gcc/arm-none-eabi/11.3.1/thumb/v6-m/nofp\libgcc.a(_divsi3.o)
                0x0000000008000108                __divsi3
                0x0000000008000108                __aeabi_idiv
                0x00000000080002d4                __aeabi_idivmod
 .text          0x00000000080002dc        0x4 C:/ST/STM32CubeIDE_1.13.1/STM32CubeIDE/plugins/com.st.stm32cube.ide.mcu.externaltools.gnu-tools-for-stm32.11.3.rel1.win32_1.1.100.202309141235/tools/bin/../lib/gcc/arm-none-eabi/11.3.1/thumb/v6-m/nofp\libgcc.a(_dvmd_tls.o)
                0x00000000080002dc                __aeabi_idiv0
                0x00000000080002dc                __aeabi_ldiv0
 *(.text*)
 .text.GPIO_EN_DI
                0x00000000080002e0      0x140 ./Drivers_SMW/Src/GPIO.o
                0x00000000080002e0                GPIO_EN_DI
 .text.GPIO_INI
                0x0000000008000420      0x11a ./Drivers_SMW/Src/GPIO.o
                0x0000000008000420                GPIO_INI
 .text.GPIO_PIN_SEND
                0x000000000800053a       0x54 ./Drivers_SMW/Src/GPIO.o
                0x000000000800053a                GPIO_PIN_SEND
 .text.GPIO_PIN_READ
                0x000000000800058e       0x30 ./Drivers_SMW/Src/GPIO.o
                0x000000000800058e                GPIO_PIN_READ
 .text.I2C_En_or_DI
                0x00000000080005be       0x48 ./Drivers_SMW/Src/I2C.o
                0x00000000080005be                I2C_En_or_DI
 .text.I2C_INI_DEINI
                0x0000000008000606      0x114 ./Drivers_SMW/Src/I2C.o
                0x0000000008000606                I2C_INI_DEINI
 .text.I2C_Start_End
                0x000000000800071a       0x94 ./Drivers_SMW/Src/I2C.o
                0x000000000800071a                I2C_Start_End
 .text.I2C_Send_Bit
                0x00000000080007ae       0x5e ./Drivers_SMW/Src/I2C.o
                0x00000000080007ae                I2C_Send_Bit
 .text.I2C_Rec_Bit
                0x000000000800080c       0x82 ./Drivers_SMW/Src/I2C.o
                0x000000000800080c                I2C_Rec_Bit
 .text.I2C_Send_Byte
                0x000000000800088e       0x68 ./Drivers_SMW/Src/I2C.o
                0x000000000800088e                I2C_Send_Byte
 .text.I2C_address_Write
                0x00000000080008f6       0x3a ./Drivers_SMW/Src/I2C.o
                0x00000000080008f6                I2C_address_Write
 .text.I2C_PageADDR_Write
                0x0000000008000930       0x20 ./Drivers_SMW/Src/I2C.o
                0x0000000008000930                I2C_PageADDR_Write
 .text.I2C_MemADDR_Write
                0x0000000008000950       0x20 ./Drivers_SMW/Src/I2C.o
                0x0000000008000950                I2C_MemADDR_Write
 .text.I2C_Ack_check
                0x0000000008000970       0x1a ./Drivers_SMW/Src/I2C.o
                0x0000000008000970                I2C_Ack_check
 .text.I2C_Send_Msg
                0x000000000800098a       0x68 ./Drivers_SMW/Src/I2C.o
                0x000000000800098a                I2C_Send_Msg
 .text.I2C_Rec_Msg
                0x00000000080009f2       0x54 ./Drivers_SMW/Src/I2C.o
                0x00000000080009f2                I2C_Rec_Msg
 .text.I2C_Rec_Byte
                0x0000000008000a46       0x7c ./Drivers_SMW/Src/I2C.o
                0x0000000008000a46                I2C_Rec_Byte
 .text.I2C_Error_handler
                0x0000000008000ac2        0x6 ./Drivers_SMW/Src/I2C.o
                0x0000000008000ac2                I2C_Error_handler
 .text.delay_1  0x0000000008000ac8       0x38 ./Drivers_SMW/Src/I2C.o
                0x0000000008000ac8                delay_1
 .text.delay_2  0x0000000008000b00       0x28 ./Src/04.Test_I2C.o
                0x0000000008000b00                delay_2
 .text.I2C_Setup
                0x0000000008000b28       0x48 ./Src/04.Test_I2C.o
                0x0000000008000b28                I2C_Setup
 .text.main     0x0000000008000b70       0xb0 ./Src/04.Test_I2C.o
                0x0000000008000b70                main
 .text.Reset_Handler
                0x0000000008000c20       0x50 ./Startup/startup_stm32g0b1retx.o
                0x0000000008000c20                Reset_Handler
 .text.Default_Handler
                0x0000000008000c70        0x2 ./Startup/startup_stm32g0b1retx.o
                0x0000000008000c70                TIM1_CC_IRQHandler
                0x0000000008000c70                HardFault_Handler
                0x0000000008000c70                SysTick_Handler
                0x0000000008000c70                PVD_IRQHandler
                0x0000000008000c70                PendSV_Handler
                0x0000000008000c70                NMI_Handler
                0x0000000008000c70                I2C1_IRQHandler
                0x0000000008000c70                DMA1_Channel4_5_6_7_DMAMUX_DMA2_Channel1_2_3_4_5_IRQHandler
                0x0000000008000c70                RCC_CRS_IRQHandler
                0x0000000008000c70                RTC_TAMP_IRQHandler
                0x0000000008000c70                SPI1_IRQHandler
                0x0000000008000c70                EXTI2_3_IRQHandler
                0x0000000008000c70                TIM17_IRQHandler
                0x0000000008000c70                USART2_LPUART2_IRQHandler
                0x0000000008000c70                TIM16_IRQHandler
                0x0000000008000c70                EXTI4_15_IRQHandler
                0x0000000008000c70                DMA1_Channel1_IRQHandler
                0x0000000008000c70                Default_Handler
                0x0000000008000c70                CEC_IRQHandler
                0x0000000008000c70                TIM14_IRQHandler
                0x0000000008000c70                TIM7_IRQHandler
                0x0000000008000c70                TIM15_IRQHandler
                0x0000000008000c70                TIM3_TIM4_IRQHandler
                0x0000000008000c70                EXTI0_1_IRQHandler
                0x0000000008000c70                I2C2_I2C3_IRQHandler
                0x0000000008000c70                SVC_Handler
                0x0000000008000c70                AES_RNG_IRQHandler
                0x0000000008000c70                TIM6_DAC_LPTIM1_IRQHandler
                0x0000000008000c70                WWDG_IRQHandler
                0x0000000008000c70                SPI2_SPI3_IRQHandler
                0x0000000008000c70                TIM2_IRQHandler
                0x0000000008000c70                DMA1_Channel2_3_IRQHandler
                0x0000000008000c70                ADC_COMP_IRQHandler
                0x0000000008000c70                USART3_USART4_USART5_USART6_LPUART1_IRQHandler
                0x0000000008000c70                FLASH_IRQHandler
                0x0000000008000c70                USART1_IRQHandler
                0x0000000008000c70                TIM1_BRK_UP_TRG_COM_IRQHandler
                0x0000000008000c70                UCPD1_UCPD2_USB_IRQHandler
 *fill*         0x0000000008000c72        0x2 
 .text.__libc_init_array
                0x0000000008000c74       0x48 C:/ST/STM32CubeIDE_1.13.1/STM32CubeIDE/plugins/com.st.stm32cube.ide.mcu.externaltools.gnu-tools-for-stm32.11.3.rel1.win32_1.1.100.202309141235/tools/bin/../lib/gcc/arm-none-eabi/11.3.1/../../../../arm-none-eabi/lib/thumb/v6-m/nofp\libc_nano.a(libc_a-init.o)
                0x0000000008000c74                __libc_init_array
 *(.glue_7)
 .glue_7        0x0000000008000cbc        0x0 linker stubs
 *(.glue_7t)
 .glue_7t       0x0000000008000cbc        0x0 linker stubs
 *(.eh_frame)
 .eh_frame      0x0000000008000cbc        0x0 C:/ST/STM32CubeIDE_1.13.1/STM32CubeIDE/plugins/com.st.stm32cube.ide.mcu.externaltools.gnu-tools-for-stm32.11.3.rel1.win32_1.1.100.202309141235/tools/bin/../lib/gcc/arm-none-eabi/11.3.1/thumb/v6-m/nofp/crtbegin.o
 *(.init)
 .init          0x0000000008000cbc        0x4 C:/ST/STM32CubeIDE_1.13.1/STM32CubeIDE/plugins/com.st.stm32cube.ide.mcu.externaltools.gnu-tools-for-stm32.11.3.rel1.win32_1.1.100.202309141235/tools/bin/../lib/gcc/arm-none-eabi/11.3.1/thumb/v6-m/nofp/crti.o
                0x0000000008000cbc                _init
 .init          0x0000000008000cc0        0x8 C:/ST/STM32CubeIDE_1.13.1/STM32CubeIDE/plugins/com.st.stm32cube.ide.mcu.externaltools.gnu-tools-for-stm32.11.3.rel1.win32_1.1.100.202309141235/tools/bin/../lib/gcc/arm-none-eabi/11.3.1/thumb/v6-m/nofp/crtn.o
 *(.fini)
 .fini          0x0000000008000cc8        0x4 C:/ST/STM32CubeIDE_1.13.1/STM32CubeIDE/plugins/com.st.stm32cube.ide.mcu.externaltools.gnu-tools-for-stm32.11.3.rel1.win32_1.1.100.202309141235/tools/bin/../lib/gcc/arm-none-eabi/11.3.1/thumb/v6-m/nofp/crti.o
                0x0000000008000cc8                _fini
 .fini          0x0000000008000ccc        0x8 C:/ST/STM32CubeIDE_1.13.1/STM32CubeIDE/plugins/com.st.stm32cube.ide.mcu.externaltools.gnu-tools-for-stm32.11.3.rel1.win32_1.1.100.202309141235/tools/bin/../lib/gcc/arm-none-eabi/11.3.1/thumb/v6-m/nofp/crtn.o
                0x0000000008000cd4                . = ALIGN (0x4)
                0x0000000008000cd4                _etext = .

.vfp11_veneer   0x0000000008000cd4        0x0
 .vfp11_veneer  0x0000000008000cd4        0x0 linker stubs

.v4_bx          0x0000000008000cd4        0x0
 .v4_bx         0x0000000008000cd4        0x0 linker stubs

.iplt           0x0000000008000cd4        0x0
 .iplt          0x0000000008000cd4        0x0 C:/ST/STM32CubeIDE_1.13.1/STM32CubeIDE/plugins/com.st.stm32cube.ide.mcu.externaltools.gnu-tools-for-stm32.11.3.rel1.win32_1.1.100.202309141235/tools/bin/../lib/gcc/arm-none-eabi/11.3.1/thumb/v6-m/nofp/crtbegin.o

.rodata         0x0000000008000cd4        0xc
                0x0000000008000cd4                . = ALIGN (0x4)
 *(.rodata)
 .rodata        0x0000000008000cd4        0x9 ./Src/04.Test_I2C.o
 *(.rodata*)
                0x0000000008000ce0                . = ALIGN (0x4)
 *fill*         0x0000000008000cdd        0x3 

.rel.dyn        0x0000000008000ce0        0x0
 .rel.iplt      0x0000000008000ce0        0x0 C:/ST/STM32CubeIDE_1.13.1/STM32CubeIDE/plugins/com.st.stm32cube.ide.mcu.externaltools.gnu-tools-for-stm32.11.3.rel1.win32_1.1.100.202309141235/tools/bin/../lib/gcc/arm-none-eabi/11.3.1/thumb/v6-m/nofp/crtbegin.o

.ARM.extab      0x0000000008000ce0        0x0
                0x0000000008000ce0                . = ALIGN (0x4)
 *(.ARM.extab* .gnu.linkonce.armextab.*)
                0x0000000008000ce0                . = ALIGN (0x4)

.ARM            0x0000000008000ce0        0x0
                0x0000000008000ce0                . = ALIGN (0x4)
                0x0000000008000ce0                __exidx_start = .
 *(.ARM.exidx*)
                0x0000000008000ce0                __exidx_end = .
                0x0000000008000ce0                . = ALIGN (0x4)

.preinit_array  0x0000000008000ce0        0x0
                0x0000000008000ce0                . = ALIGN (0x4)
                0x0000000008000ce0                PROVIDE (__preinit_array_start = .)
 *(.preinit_array*)
                0x0000000008000ce0                PROVIDE (__preinit_array_end = .)
                0x0000000008000ce0                . = ALIGN (0x4)

.init_array     0x0000000008000ce0        0x4
                0x0000000008000ce0                . = ALIGN (0x4)
                0x0000000008000ce0                PROVIDE (__init_array_start = .)
 *(SORT_BY_NAME(.init_array.*))
 *(.init_array*)
 .init_array    0x0000000008000ce0        0x4 C:/ST/STM32CubeIDE_1.13.1/STM32CubeIDE/plugins/com.st.stm32cube.ide.mcu.externaltools.gnu-tools-for-stm32.11.3.rel1.win32_1.1.100.202309141235/tools/bin/../lib/gcc/arm-none-eabi/11.3.1/thumb/v6-m/nofp/crtbegin.o
                0x0000000008000ce4                PROVIDE (__init_array_end = .)
                0x0000000008000ce4                . = ALIGN (0x4)

.fini_array     0x0000000008000ce4        0x4
                0x0000000008000ce4                . = ALIGN (0x4)
                [!provide]                        PROVIDE (__fini_array_start = .)
 *(SORT_BY_NAME(.fini_array.*))
 *(.fini_array*)
 .fini_array    0x0000000008000ce4        0x4 C:/ST/STM32CubeIDE_1.13.1/STM32CubeIDE/plugins/com.st.stm32cube.ide.mcu.externaltools.gnu-tools-for-stm32.11.3.rel1.win32_1.1.100.202309141235/tools/bin/../lib/gcc/arm-none-eabi/11.3.1/thumb/v6-m/nofp/crtbegin.o
                [!provide]                        PROVIDE (__fini_array_end = .)
                0x0000000008000ce8                . = ALIGN (0x4)
                0x0000000008000ce8                _sidata = LOADADDR (.data)

.data           0x0000000020000000        0x0 load address 0x0000000008000ce8
                0x0000000020000000                . = ALIGN (0x4)
                0x0000000020000000                _sdata = .
 *(.data)
 *(.data*)
 *(.RamFunc)
 *(.RamFunc*)
                0x0000000020000000                . = ALIGN (0x4)
                0x0000000020000000                _edata = .

.igot.plt       0x0000000020000000        0x0 load address 0x0000000008000ce8
 .igot.plt      0x0000000020000000        0x0 C:/ST/STM32CubeIDE_1.13.1/STM32CubeIDE/plugins/com.st.stm32cube.ide.mcu.externaltools.gnu-tools-for-stm32.11.3.rel1.win32_1.1.100.202309141235/tools/bin/../lib/gcc/arm-none-eabi/11.3.1/thumb/v6-m/nofp/crtbegin.o
                0x0000000020000000                . = ALIGN (0x4)

.bss            0x0000000020000000       0x1c load address 0x0000000008000ce8
                0x0000000020000000                _sbss = .
                0x0000000020000000                __bss_start__ = _sbss
 *(.bss)
 .bss           0x0000000020000000       0x1c C:/ST/STM32CubeIDE_1.13.1/STM32CubeIDE/plugins/com.st.stm32cube.ide.mcu.externaltools.gnu-tools-for-stm32.11.3.rel1.win32_1.1.100.202309141235/tools/bin/../lib/gcc/arm-none-eabi/11.3.1/thumb/v6-m/nofp/crtbegin.o
 *(.bss*)
 *(COMMON)
                0x000000002000001c                . = ALIGN (0x4)
                0x000000002000001c                _ebss = .
                0x000000002000001c                __bss_end__ = _ebss

._user_heap_stack
                0x000000002000001c      0x604 load address 0x0000000008000ce8
                0x0000000020000020                . = ALIGN (0x8)
 *fill*         0x000000002000001c        0x4 
                [!provide]                        PROVIDE (end = .)
                0x0000000020000020                PROVIDE (_end = .)
                0x0000000020000220                . = (. + _Min_Heap_Size)
 *fill*         0x0000000020000020      0x200 
                0x0000000020000620                . = (. + _Min_Stack_Size)
 *fill*         0x0000000020000220      0x400 
                0x0000000020000620                . = ALIGN (0x8)

/DISCARD/
 libc.a(*)
 libm.a(*)
 libgcc.a(*)

.ARM.attributes
                0x0000000000000000       0x28
 *(.ARM.attributes)
 .ARM.attributes
                0x0000000000000000       0x1e C:/ST/STM32CubeIDE_1.13.1/STM32CubeIDE/plugins/com.st.stm32cube.ide.mcu.externaltools.gnu-tools-for-stm32.11.3.rel1.win32_1.1.100.202309141235/tools/bin/../lib/gcc/arm-none-eabi/11.3.1/thumb/v6-m/nofp/crti.o
 .ARM.attributes
                0x000000000000001e       0x2c C:/ST/STM32CubeIDE_1.13.1/STM32CubeIDE/plugins/com.st.stm32cube.ide.mcu.externaltools.gnu-tools-for-stm32.11.3.rel1.win32_1.1.100.202309141235/tools/bin/../lib/gcc/arm-none-eabi/11.3.1/thumb/v6-m/nofp/crtbegin.o
 .ARM.attributes
                0x000000000000004a       0x2c ./Drivers_SMW/Src/GPIO.o
 .ARM.attributes
                0x0000000000000076       0x2c ./Drivers_SMW/Src/I2C.o
 .ARM.attributes
                0x00000000000000a2       0x2c ./Src/04.Test_I2C.o
 .ARM.attributes
                0x00000000000000ce       0x22 ./Startup/startup_stm32g0b1retx.o
 .ARM.attributes
                0x00000000000000f0       0x2c C:/ST/STM32CubeIDE_1.13.1/STM32CubeIDE/plugins/com.st.stm32cube.ide.mcu.externaltools.gnu-tools-for-stm32.11.3.rel1.win32_1.1.100.202309141235/tools/bin/../lib/gcc/arm-none-eabi/11.3.1/../../../../arm-none-eabi/lib/thumb/v6-m/nofp\libc_nano.a(libc_a-init.o)
 .ARM.attributes
                0x000000000000011c       0x1e C:/ST/STM32CubeIDE_1.13.1/STM32CubeIDE/plugins/com.st.stm32cube.ide.mcu.externaltools.gnu-tools-for-stm32.11.3.rel1.win32_1.1.100.202309141235/tools/bin/../lib/gcc/arm-none-eabi/11.3.1/thumb/v6-m/nofp\libgcc.a(_divsi3.o)
 .ARM.attributes
                0x000000000000013a       0x1e C:/ST/STM32CubeIDE_1.13.1/STM32CubeIDE/plugins/com.st.stm32cube.ide.mcu.externaltools.gnu-tools-for-stm32.11.3.rel1.win32_1.1.100.202309141235/tools/bin/../lib/gcc/arm-none-eabi/11.3.1/thumb/v6-m/nofp\libgcc.a(_dvmd_tls.o)
 .ARM.attributes
                0x0000000000000158       0x1e C:/ST/STM32CubeIDE_1.13.1/STM32CubeIDE/plugins/com.st.stm32cube.ide.mcu.externaltools.gnu-tools-for-stm32.11.3.rel1.win32_1.1.100.202309141235/tools/bin/../lib/gcc/arm-none-eabi/11.3.1/thumb/v6-m/nofp/crtn.o
OUTPUT(Bit_Banging.elf elf32-littlearm)
LOAD linker stubs
LOAD C:/ST/STM32CubeIDE_1.13.1/STM32CubeIDE/plugins/com.st.stm32cube.ide.mcu.externaltools.gnu-tools-for-stm32.11.3.rel1.win32_1.1.100.202309141235/tools/bin/../lib/gcc/arm-none-eabi/11.3.1/../../../../arm-none-eabi/lib/thumb/v6-m/nofp\libc.a
LOAD C:/ST/STM32CubeIDE_1.13.1/STM32CubeIDE/plugins/com.st.stm32cube.ide.mcu.externaltools.gnu-tools-for-stm32.11.3.rel1.win32_1.1.100.202309141235/tools/bin/../lib/gcc/arm-none-eabi/11.3.1/../../../../arm-none-eabi/lib/thumb/v6-m/nofp\libm.a
LOAD C:/ST/STM32CubeIDE_1.13.1/STM32CubeIDE/plugins/com.st.stm32cube.ide.mcu.externaltools.gnu-tools-for-stm32.11.3.rel1.win32_1.1.100.202309141235/tools/bin/../lib/gcc/arm-none-eabi/11.3.1/thumb/v6-m/nofp\libgcc.a

.comment        0x0000000000000000       0x43
 .comment       0x0000000000000000       0x43 C:/ST/STM32CubeIDE_1.13.1/STM32CubeIDE/plugins/com.st.stm32cube.ide.mcu.externaltools.gnu-tools-for-stm32.11.3.rel1.win32_1.1.100.202309141235/tools/bin/../lib/gcc/arm-none-eabi/11.3.1/thumb/v6-m/nofp/crtbegin.o
                                         0x44 (size before relaxing)
 .comment       0x0000000000000043       0x44 ./Drivers_SMW/Src/GPIO.o
 .comment       0x0000000000000043       0x44 ./Drivers_SMW/Src/I2C.o
 .comment       0x0000000000000043       0x44 ./Src/04.Test_I2C.o

.debug_info     0x0000000000000000      0xfbc
 .debug_info    0x0000000000000000      0x4c1 ./Drivers_SMW/Src/GPIO.o
 .debug_info    0x00000000000004c1      0x6ab ./Drivers_SMW/Src/I2C.o
 .debug_info    0x0000000000000b6c      0x42d ./Src/04.Test_I2C.o
 .debug_info    0x0000000000000f99       0x23 ./Startup/startup_stm32g0b1retx.o

.debug_abbrev   0x0000000000000000      0x429
 .debug_abbrev  0x0000000000000000      0x10f ./Drivers_SMW/Src/GPIO.o
 .debug_abbrev  0x000000000000010f      0x1b6 ./Drivers_SMW/Src/I2C.o
 .debug_abbrev  0x00000000000002c5      0x152 ./Src/04.Test_I2C.o
 .debug_abbrev  0x0000000000000417       0x12 ./Startup/startup_stm32g0b1retx.o

.debug_aranges  0x0000000000000000      0x138
 .debug_aranges
                0x0000000000000000       0x50 ./Drivers_SMW/Src/GPIO.o
 .debug_aranges
                0x0000000000000050       0x90 ./Drivers_SMW/Src/I2C.o
 .debug_aranges
                0x00000000000000e0       0x30 ./Src/04.Test_I2C.o
 .debug_aranges
                0x0000000000000110       0x28 ./Startup/startup_stm32g0b1retx.o

.debug_rnglists
                0x0000000000000000       0xdc
 .debug_rnglists
                0x0000000000000000       0x39 ./Drivers_SMW/Src/GPIO.o
 .debug_rnglists
                0x0000000000000039       0x6a ./Drivers_SMW/Src/I2C.o
 .debug_rnglists
                0x00000000000000a3       0x20 ./Src/04.Test_I2C.o
 .debug_rnglists
                0x00000000000000c3       0x19 ./Startup/startup_stm32g0b1retx.o

.debug_macro    0x0000000000000000     0x1d4d
 .debug_macro   0x0000000000000000       0x85 ./Drivers_SMW/Src/GPIO.o
 .debug_macro   0x0000000000000085      0xa84 ./Drivers_SMW/Src/GPIO.o
 .debug_macro   0x0000000000000b09       0x22 ./Drivers_SMW/Src/GPIO.o
 .debug_macro   0x0000000000000b2b       0x8e ./Drivers_SMW/Src/GPIO.o
 .debug_macro   0x0000000000000bb9       0x51 ./Drivers_SMW/Src/GPIO.o
 .debug_macro   0x0000000000000c0a      0x103 ./Drivers_SMW/Src/GPIO.o
 .debug_macro   0x0000000000000d0d       0x6a ./Drivers_SMW/Src/GPIO.o
 .debug_macro   0x0000000000000d77      0x1df ./Drivers_SMW/Src/GPIO.o
 .debug_macro   0x0000000000000f56       0xbe ./Drivers_SMW/Src/GPIO.o
 .debug_macro   0x0000000000001014       0xb2 ./Drivers_SMW/Src/GPIO.o
 .debug_macro   0x00000000000010c6       0xba ./Drivers_SMW/Src/I2C.o
 .debug_macro   0x0000000000001180       0x28 ./Drivers_SMW/Src/I2C.o
 .debug_macro   0x00000000000011a8      0x15f ./Src/04.Test_I2C.o
 .debug_macro   0x0000000000001307       0xc4 ./Src/04.Test_I2C.o
 .debug_macro   0x00000000000013cb       0x2e ./Src/04.Test_I2C.o
 .debug_macro   0x00000000000013f9       0x61 ./Src/04.Test_I2C.o
 .debug_macro   0x000000000000145a       0x24 ./Src/04.Test_I2C.o
 .debug_macro   0x000000000000147e       0x43 ./Src/04.Test_I2C.o
 .debug_macro   0x00000000000014c1       0x34 ./Src/04.Test_I2C.o
 .debug_macro   0x00000000000014f5      0x174 ./Src/04.Test_I2C.o
 .debug_macro   0x0000000000001669       0x16 ./Src/04.Test_I2C.o
 .debug_macro   0x000000000000167f       0x43 ./Src/04.Test_I2C.o
 .debug_macro   0x00000000000016c2       0x34 ./Src/04.Test_I2C.o
 .debug_macro   0x00000000000016f6       0x10 ./Src/04.Test_I2C.o
 .debug_macro   0x0000000000001706       0x58 ./Src/04.Test_I2C.o
 .debug_macro   0x000000000000175e       0x8e ./Src/04.Test_I2C.o
 .debug_macro   0x00000000000017ec       0x1c ./Src/04.Test_I2C.o
 .debug_macro   0x0000000000001808      0x177 ./Src/04.Test_I2C.o
 .debug_macro   0x000000000000197f      0x369 ./Src/04.Test_I2C.o
 .debug_macro   0x0000000000001ce8       0x10 ./Src/04.Test_I2C.o
 .debug_macro   0x0000000000001cf8       0x35 ./Src/04.Test_I2C.o
 .debug_macro   0x0000000000001d2d       0x20 ./Src/04.Test_I2C.o

.debug_line     0x0000000000000000     0x14a8
 .debug_line    0x0000000000000000      0x681 ./Drivers_SMW/Src/GPIO.o
 .debug_line    0x0000000000000681      0x74f ./Drivers_SMW/Src/I2C.o
 .debug_line    0x0000000000000dd0      0x65d ./Src/04.Test_I2C.o
 .debug_line    0x000000000000142d       0x7b ./Startup/startup_stm32g0b1retx.o

.debug_str      0x0000000000000000     0x798f
 .debug_str     0x0000000000000000     0x42bb ./Drivers_SMW/Src/GPIO.o
                                       0x4441 (size before relaxing)
 .debug_str     0x00000000000042bb      0x26c ./Drivers_SMW/Src/I2C.o
                                       0x459c (size before relaxing)
 .debug_str     0x0000000000004527     0x3439 ./Src/04.Test_I2C.o
                                       0x78a7 (size before relaxing)
 .debug_str     0x0000000000007960       0x2f ./Startup/startup_stm32g0b1retx.o
                                         0x62 (size before relaxing)

.debug_frame    0x0000000000000000      0x3a0
 .debug_frame   0x0000000000000000       0xf0 ./Drivers_SMW/Src/GPIO.o
 .debug_frame   0x00000000000000f0      0x1f0 ./Drivers_SMW/Src/I2C.o
 .debug_frame   0x00000000000002e0       0x74 ./Src/04.Test_I2C.o
 .debug_frame   0x0000000000000354       0x2c C:/ST/STM32CubeIDE_1.13.1/STM32CubeIDE/plugins/com.st.stm32cube.ide.mcu.externaltools.gnu-tools-for-stm32.11.3.rel1.win32_1.1.100.202309141235/tools/bin/../lib/gcc/arm-none-eabi/11.3.1/../../../../arm-none-eabi/lib/thumb/v6-m/nofp\libc_nano.a(libc_a-init.o)
 .debug_frame   0x0000000000000380       0x20 C:/ST/STM32CubeIDE_1.13.1/STM32CubeIDE/plugins/com.st.stm32cube.ide.mcu.externaltools.gnu-tools-for-stm32.11.3.rel1.win32_1.1.100.202309141235/tools/bin/../lib/gcc/arm-none-eabi/11.3.1/thumb/v6-m/nofp\libgcc.a(_divsi3.o)

.debug_line_str
                0x0000000000000000       0x56
 .debug_line_str
                0x0000000000000000       0x56 ./Startup/startup_stm32g0b1retx.o
                                         0x6e (size before relaxing)
